---
source: lambc_parse/src/parse.rs
expression: parser.parse_expr()
---
Ok(
    Block(
        Block {
            statements: [],
            value: Some(
                Return(
                    Return {
                        value: None,
                        span: Span {
                            start: 2,
                            end: 8,
                        },
                    },
                ),
            ),
            span: Span {
                start: 0,
                end: 10,
            },
        },
    ),
)
