---
source: lambc_parse/src/parse.rs
expression: parser.parse_atom()
---
Ok(
    Group(
        Group {
            value: I64(
                I64Lit {
                    base: Dec,
                    value: "1",
                    span: Span {
                        start: 1,
                        end: 2,
                    },
                },
            ),
            span: Span {
                start: 0,
                end: 3,
            },
        },
    ),
)
