---
source: lambc_parse/src/parse.rs
expression: parser.parse_ident_pattern()
---
Ok(
    Ident(
        IdentPattern {
            ident: Ident {
                raw: "i",
                span: Span {
                    file: FileId(
                        0,
                    ),
                    start: 0,
                    end: 1,
                },
            },
            bound: None,
            span: Span {
                file: FileId(
                    0,
                ),
                start: 0,
                end: 1,
            },
        },
    ),
)
