---
source: lambc_parse/src/parse.rs
expression: parser.parse_export()
---
Ok(
    Export {
        items: [],
        span: Span {
            start: 0,
            end: 10,
        },
    },
)
