---
source: lambc_parse/src/parse.rs
expression: parser.parse_atom()
---
Ok(
    Nil(
        NilLit {
            span: Span {
                start: 0,
                end: 3,
            },
        },
    ),
)
