---
source: lambc_parse/src/parse.rs
expression: parser.parse_import()
---
Ok(
    Import {
        file: "my-path",
        name: None,
        items: [],
        star: true,
        span: Span {
            start: 0,
            end: 24,
        },
    },
)
