---
source: lambc_parse/src/parse.rs
expression: parser.parse_expr()
---
Ok(
    Unary(
        Unary {
            rhs: Index(
                Index {
                    lhs: Index(
                        Index {
                            lhs: Ident(
                                Ident {
                                    raw: "hello",
                                    span: Span {
                                        file: FileId(
                                            0,
                                        ),
                                        start: 1,
                                        end: 6,
                                    },
                                },
                            ),
                            rhs: Ident(
                                Ident {
                                    raw: "there",
                                    span: Span {
                                        file: FileId(
                                            0,
                                        ),
                                        start: 7,
                                        end: 12,
                                    },
                                },
                            ),
                            span: Span {
                                file: FileId(
                                    0,
                                ),
                                start: 1,
                                end: 13,
                            },
                        },
                    ),
                    rhs: Ident(
                        Ident {
                            raw: "people",
                            span: Span {
                                file: FileId(
                                    0,
                                ),
                                start: 14,
                                end: 20,
                            },
                        },
                    ),
                    span: Span {
                        file: FileId(
                            0,
                        ),
                        start: 1,
                        end: 21,
                    },
                },
            ),
            op: Nneg,
            span: Span {
                file: FileId(
                    0,
                ),
                start: 0,
                end: 21,
            },
            op_span: Span {
                file: FileId(
                    0,
                ),
                start: 0,
                end: 1,
            },
        },
    ),
)
