---
source: lambc_parse/src/parse.rs
expression: parser.parse_return()
---
Ok(
    Return(
        Return {
            value: None,
            span: Span {
                start: 0,
                end: 6,
            },
        },
    ),
)
