---
source: lambc_parse/src/parse.rs
expression: parser.parse_case()
---
Ok(
    Case(
        Case {
            scrutinee: Nil(
                NilLit {
                    span: Span {
                        file: FileId(
                            0,
                        ),
                        start: 18,
                        end: 21,
                    },
                },
            ),
            arms: [
                CaseArm {
                    pattern: Pattern {
                        inner: [
                            Array(
                                ArrayPattern {
                                    patterns: [],
                                    span: Span {
                                        file: FileId(
                                            0,
                                        ),
                                        start: 40,
                                        end: 42,
                                    },
                                },
                            ),
                            Array(
                                ArrayPattern {
                                    patterns: [
                                        Pattern {
                                            inner: [
                                                Ident(
                                                    IdentPattern {
                                                        ident: Ident {
                                                            raw: "one",
                                                            span: Span {
                                                                file: FileId(
                                                                    0,
                                                                ),
                                                                start: 46,
                                                                end: 49,
                                                            },
                                                        },
                                                        bound: None,
                                                        span: Span {
                                                            file: FileId(
                                                                0,
                                                            ),
                                                            start: 46,
                                                            end: 49,
                                                        },
                                                    },
                                                ),
                                            ],
                                            span: Span {
                                                file: FileId(
                                                    0,
                                                ),
                                                start: 46,
                                                end: 49,
                                            },
                                        },
                                    ],
                                    span: Span {
                                        file: FileId(
                                            0,
                                        ),
                                        start: 45,
                                        end: 50,
                                    },
                                },
                            ),
                        ],
                        span: Span {
                            file: FileId(
                                0,
                            ),
                            start: 40,
                            end: 50,
                        },
                    },
                    body: FnDef(
                        FnDef {
                            args: [],
                            body: Block(
                                Block {
                                    statements: [],
                                    value: None,
                                    span: Span {
                                        file: FileId(
                                            0,
                                        ),
                                        start: 62,
                                        end: 64,
                                    },
                                },
                            ),
                            recursive: false,
                            span: Span {
                                file: FileId(
                                    0,
                                ),
                                start: 54,
                                end: 64,
                            },
                        },
                    ),
                    span: Span {
                        file: FileId(
                            0,
                        ),
                        start: 40,
                        end: 64,
                    },
                },
                CaseArm {
                    pattern: Pattern {
                        inner: [
                            Array(
                                ArrayPattern {
                                    patterns: [
                                        Pattern {
                                            inner: [
                                                Array(
                                                    ArrayPattern {
                                                        patterns: [
                                                            Pattern {
                                                                inner: [
                                                                    Array(
                                                                        ArrayPattern {
                                                                            patterns: [
                                                                                Pattern {
                                                                                    inner: [
                                                                                        Array(
                                                                                            ArrayPattern {
                                                                                                patterns: [],
                                                                                                span: Span {
                                                                                                    file: FileId(
                                                                                                        0,
                                                                                                    ),
                                                                                                    start: 84,
                                                                                                    end: 86,
                                                                                                },
                                                                                            },
                                                                                        ),
                                                                                    ],
                                                                                    span: Span {
                                                                                        file: FileId(
                                                                                            0,
                                                                                        ),
                                                                                        start: 84,
                                                                                        end: 86,
                                                                                    },
                                                                                },
                                                                            ],
                                                                            span: Span {
                                                                                file: FileId(
                                                                                    0,
                                                                                ),
                                                                                start: 83,
                                                                                end: 87,
                                                                            },
                                                                        },
                                                                    ),
                                                                ],
                                                                span: Span {
                                                                    file: FileId(
                                                                        0,
                                                                    ),
                                                                    start: 83,
                                                                    end: 87,
                                                                },
                                                            },
                                                        ],
                                                        span: Span {
                                                            file: FileId(
                                                                0,
                                                            ),
                                                            start: 82,
                                                            end: 88,
                                                        },
                                                    },
                                                ),
                                            ],
                                            span: Span {
                                                file: FileId(
                                                    0,
                                                ),
                                                start: 82,
                                                end: 88,
                                            },
                                        },
                                    ],
                                    span: Span {
                                        file: FileId(
                                            0,
                                        ),
                                        start: 81,
                                        end: 89,
                                    },
                                },
                            ),
                        ],
                        span: Span {
                            file: FileId(
                                0,
                            ),
                            start: 81,
                            end: 89,
                        },
                    },
                    body: Block(
                        Block {
                            statements: [],
                            value: None,
                            span: Span {
                                file: FileId(
                                    0,
                                ),
                                start: 93,
                                end: 95,
                            },
                        },
                    ),
                    span: Span {
                        file: FileId(
                            0,
                        ),
                        start: 81,
                        end: 95,
                    },
                },
                CaseArm {
                    pattern: Pattern {
                        inner: [
                            Array(
                                ArrayPattern {
                                    patterns: [
                                        Pattern {
                                            inner: [
                                                Literal(
                                                    I64(
                                                        I64Lit {
                                                            base: Dec,
                                                            value: "2",
                                                            span: Span {
                                                                file: FileId(
                                                                    0,
                                                                ),
                                                                start: 113,
                                                                end: 114,
                                                            },
                                                        },
                                                    ),
                                                ),
                                            ],
                                            span: Span {
                                                file: FileId(
                                                    0,
                                                ),
                                                start: 113,
                                                end: 114,
                                            },
                                        },
                                        Pattern {
                                            inner: [
                                                Rest(
                                                    RestPattern {
                                                        span: Span {
                                                            file: FileId(
                                                                0,
                                                            ),
                                                            start: 116,
                                                            end: 118,
                                                        },
                                                    },
                                                ),
                                            ],
                                            span: Span {
                                                file: FileId(
                                                    0,
                                                ),
                                                start: 116,
                                                end: 118,
                                            },
                                        },
                                        Pattern {
                                            inner: [
                                                Literal(
                                                    String(
                                                        StrLit {
                                                            text: Some(
                                                                StrText {
                                                                    inner: "hi",
                                                                    span: Span {
                                                                        file: FileId(
                                                                            0,
                                                                        ),
                                                                        start: 121,
                                                                        end: 123,
                                                                    },
                                                                },
                                                            ),
                                                            span: Span {
                                                                file: FileId(
                                                                    0,
                                                                ),
                                                                start: 120,
                                                                end: 124,
                                                            },
                                                        },
                                                    ),
                                                ),
                                            ],
                                            span: Span {
                                                file: FileId(
                                                    0,
                                                ),
                                                start: 120,
                                                end: 124,
                                            },
                                        },
                                    ],
                                    span: Span {
                                        file: FileId(
                                            0,
                                        ),
                                        start: 112,
                                        end: 125,
                                    },
                                },
                            ),
                        ],
                        span: Span {
                            file: FileId(
                                0,
                            ),
                            start: 112,
                            end: 125,
                        },
                    },
                    body: If(
                        If {
                            cond: IfCond {
                                cond: Bool(
                                    BoolLit {
                                        value: true,
                                        span: Span {
                                            file: FileId(
                                                0,
                                            ),
                                            start: 132,
                                            end: 136,
                                        },
                                    },
                                ),
                                body: Block {
                                    statements: [],
                                    value: None,
                                    span: Span {
                                        file: FileId(
                                            0,
                                        ),
                                        start: 137,
                                        end: 139,
                                    },
                                },
                                span: Span {
                                    file: FileId(
                                        0,
                                    ),
                                    start: 129,
                                    end: 139,
                                },
                            },
                            elif: [
                                IfCond {
                                    cond: Bool(
                                        BoolLit {
                                            value: false,
                                            span: Span {
                                                file: FileId(
                                                    0,
                                                ),
                                                start: 145,
                                                end: 150,
                                            },
                                        },
                                    ),
                                    body: Block {
                                        statements: [],
                                        value: None,
                                        span: Span {
                                            file: FileId(
                                                0,
                                            ),
                                            start: 151,
                                            end: 153,
                                        },
                                    },
                                    span: Span {
                                        file: FileId(
                                            0,
                                        ),
                                        start: 140,
                                        end: 153,
                                    },
                                },
                            ],
                            els_: None,
                            span: Span {
                                file: FileId(
                                    0,
                                ),
                                start: 129,
                                end: 153,
                            },
                        },
                    ),
                    span: Span {
                        file: FileId(
                            0,
                        ),
                        start: 112,
                        end: 153,
                    },
                },
                CaseArm {
                    pattern: Pattern {
                        inner: [
                            Ident(
                                IdentPattern {
                                    ident: Ident {
                                        raw: "hik",
                                        span: Span {
                                            file: FileId(
                                                0,
                                            ),
                                            start: 170,
                                            end: 173,
                                        },
                                    },
                                    bound: Some(
                                        Literal(
                                            I64(
                                                I64Lit {
                                                    base: Dec,
                                                    value: "2",
                                                    span: Span {
                                                        file: FileId(
                                                            0,
                                                        ),
                                                        start: 176,
                                                        end: 177,
                                                    },
                                                },
                                            ),
                                        ),
                                    ),
                                    span: Span {
                                        file: FileId(
                                            0,
                                        ),
                                        start: 170,
                                        end: 177,
                                    },
                                },
                            ),
                        ],
                        span: Span {
                            file: FileId(
                                0,
                            ),
                            start: 170,
                            end: 177,
                        },
                    },
                    body: I64(
                        I64Lit {
                            base: Dec,
                            value: "2",
                            span: Span {
                                file: FileId(
                                    0,
                                ),
                                start: 181,
                                end: 182,
                            },
                        },
                    ),
                    span: Span {
                        file: FileId(
                            0,
                        ),
                        start: 170,
                        end: 183,
                    },
                },
                CaseArm {
                    pattern: Pattern {
                        inner: [
                            Literal(
                                I64(
                                    I64Lit {
                                        base: Dec,
                                        value: "-2",
                                        span: Span {
                                            file: FileId(
                                                0,
                                            ),
                                            start: 200,
                                            end: 202,
                                        },
                                    },
                                ),
                            ),
                        ],
                        span: Span {
                            file: FileId(
                                0,
                            ),
                            start: 200,
                            end: 202,
                        },
                    },
                    body: I64(
                        I64Lit {
                            base: Dec,
                            value: "2",
                            span: Span {
                                file: FileId(
                                    0,
                                ),
                                start: 206,
                                end: 207,
                            },
                        },
                    ),
                    span: Span {
                        file: FileId(
                            0,
                        ),
                        start: 200,
                        end: 208,
                    },
                },
            ],
            span: Span {
                file: FileId(
                    0,
                ),
                start: 13,
                end: 222,
            },
        },
    ),
)
