---
source: lambc_parse/src/parse.rs
expression: parser.parse_atom()
---
Ok(
    Char(
        CharLit {
            text: Some(
                CharText {
                    inner: "hello\nworld",
                    span: Span {
                        file: FileId(
                            0,
                        ),
                        start: 1,
                        end: 13,
                    },
                },
            ),
            span: Span {
                file: FileId(
                    0,
                ),
                start: 0,
                end: 14,
            },
        },
    ),
)
