---
source: lambc_parse/src/parse.rs
expression: parser.parse_atom()
---
Ok(
    Char(
        CharLit {
            text: None,
            span: Span {
                start: 0,
                end: 2,
            },
        },
    ),
)
