---
source: lambc_parse/src/parse.rs
expression: parser.parse_atom()
---
Ok(
    List(
        List {
            values: [
                Nil(
                    NilLit {
                        span: Span {
                            start: 1,
                            end: 4,
                        },
                    },
                ),
                I64(
                    I64Lit {
                        base: Dec,
                        value: "2",
                        span: Span {
                            start: 6,
                            end: 7,
                        },
                    },
                ),
                String(
                    StrLit {
                        text: Some(
                            StrText {
                                inner: "hello",
                                span: Span {
                                    start: 10,
                                    end: 15,
                                },
                            },
                        ),
                        span: Span {
                            start: 9,
                            end: 16,
                        },
                    },
                ),
            ],
            span: Span {
                start: 0,
                end: 17,
            },
        },
    ),
)
