---
source: lambc_parse/src/parse.rs
expression: parser.parse_atom()
---
Ok(
    Block(
        Block {
            statements: [
                Define(
                    Define {
                        ident: Ident {
                            raw: "x",
                            span: Span {
                                start: 6,
                                end: 7,
                            },
                        },
                        value: I64(
                            I64Lit {
                                base: Dec,
                                value: "2",
                                span: Span {
                                    start: 11,
                                    end: 12,
                                },
                            },
                        ),
                        span: Span {
                            start: 2,
                            end: 13,
                        },
                    },
                ),
            ],
            value: Some(
                Block(
                    Block {
                        statements: [
                            Define(
                                Define {
                                    ident: Ident {
                                        raw: "x",
                                        span: Span {
                                            start: 20,
                                            end: 21,
                                        },
                                    },
                                    value: I64(
                                        I64Lit {
                                            base: Dec,
                                            value: "2",
                                            span: Span {
                                                start: 25,
                                                end: 26,
                                            },
                                        },
                                    ),
                                    span: Span {
                                        start: 16,
                                        end: 27,
                                    },
                                },
                            ),
                        ],
                        value: Some(
                            Block(
                                Block {
                                    statements: [
                                        Define(
                                            Define {
                                                ident: Ident {
                                                    raw: "x",
                                                    span: Span {
                                                        start: 34,
                                                        end: 35,
                                                    },
                                                },
                                                value: Block(
                                                    Block {
                                                        statements: [],
                                                        value: Some(
                                                            I64(
                                                                I64Lit {
                                                                    base: Dec,
                                                                    value: "2",
                                                                    span: Span {
                                                                        start: 41,
                                                                        end: 42,
                                                                    },
                                                                },
                                                            ),
                                                        ),
                                                        span: Span {
                                                            start: 39,
                                                            end: 44,
                                                        },
                                                    },
                                                ),
                                                span: Span {
                                                    start: 30,
                                                    end: 45,
                                                },
                                            },
                                        ),
                                    ],
                                    value: None,
                                    span: Span {
                                        start: 28,
                                        end: 47,
                                    },
                                },
                            ),
                        ),
                        span: Span {
                            start: 14,
                            end: 49,
                        },
                    },
                ),
            ),
            span: Span {
                start: 0,
                end: 51,
            },
        },
    ),
)
