---
source: lambc_parse/src/parse.rs
expression: parser.parse_expr()
---
Ok(
    Index(
        Index {
            lhs: Index(
                Index {
                    lhs: Index(
                        Index {
                            lhs: I64(
                                I64Lit {
                                    base: Dec,
                                    value: "2",
                                    span: Span {
                                        start: 0,
                                        end: 1,
                                    },
                                },
                            ),
                            rhs: Ident(
                                Ident {
                                    raw: "one",
                                    span: Span {
                                        start: 2,
                                        end: 5,
                                    },
                                },
                            ),
                            span: Span {
                                start: 0,
                                end: 6,
                            },
                        },
                    ),
                    rhs: Ident(
                        Ident {
                            raw: "two",
                            span: Span {
                                start: 7,
                                end: 10,
                            },
                        },
                    ),
                    span: Span {
                        start: 0,
                        end: 11,
                    },
                },
            ),
            rhs: Ident(
                Ident {
                    raw: "three",
                    span: Span {
                        start: 12,
                        end: 17,
                    },
                },
            ),
            span: Span {
                start: 0,
                end: 18,
            },
        },
    ),
)
