---
source: lambc_parse/src/parse.rs
expression: parser.parse_atom()
---
Ok(
    If(
        If {
            cond: IfCond {
                cond: Bool(
                    BoolLit {
                        value: true,
                        span: Span {
                            file: FileId(
                                0,
                            ),
                            start: 3,
                            end: 7,
                        },
                    },
                ),
                body: Block {
                    statements: [],
                    value: Some(
                        If(
                            If {
                                cond: IfCond {
                                    cond: Bool(
                                        BoolLit {
                                            value: true,
                                            span: Span {
                                                file: FileId(
                                                    0,
                                                ),
                                                start: 13,
                                                end: 17,
                                            },
                                        },
                                    ),
                                    body: Block {
                                        statements: [],
                                        value: None,
                                        span: Span {
                                            file: FileId(
                                                0,
                                            ),
                                            start: 18,
                                            end: 21,
                                        },
                                    },
                                    span: Span {
                                        file: FileId(
                                            0,
                                        ),
                                        start: 10,
                                        end: 21,
                                    },
                                },
                                elif: [],
                                els_: None,
                                span: Span {
                                    file: FileId(
                                        0,
                                    ),
                                    start: 10,
                                    end: 21,
                                },
                            },
                        ),
                    ),
                    span: Span {
                        file: FileId(
                            0,
                        ),
                        start: 8,
                        end: 23,
                    },
                },
                span: Span {
                    file: FileId(
                        0,
                    ),
                    start: 0,
                    end: 23,
                },
            },
            elif: [
                IfCond {
                    cond: Bool(
                        BoolLit {
                            value: false,
                            span: Span {
                                file: FileId(
                                    0,
                                ),
                                start: 29,
                                end: 34,
                            },
                        },
                    ),
                    body: Block {
                        statements: [],
                        value: None,
                        span: Span {
                            file: FileId(
                                0,
                            ),
                            start: 35,
                            end: 38,
                        },
                    },
                    span: Span {
                        file: FileId(
                            0,
                        ),
                        start: 24,
                        end: 38,
                    },
                },
                IfCond {
                    cond: Bool(
                        BoolLit {
                            value: false,
                            span: Span {
                                file: FileId(
                                    0,
                                ),
                                start: 44,
                                end: 49,
                            },
                        },
                    ),
                    body: Block {
                        statements: [],
                        value: None,
                        span: Span {
                            file: FileId(
                                0,
                            ),
                            start: 50,
                            end: 53,
                        },
                    },
                    span: Span {
                        file: FileId(
                            0,
                        ),
                        start: 39,
                        end: 53,
                    },
                },
            ],
            els_: Some(
                Else {
                    body: Block {
                        statements: [],
                        value: None,
                        span: Span {
                            file: FileId(
                                0,
                            ),
                            start: 59,
                            end: 62,
                        },
                    },
                    span: Span {
                        file: FileId(
                            0,
                        ),
                        start: 54,
                        end: 62,
                    },
                },
            ),
            span: Span {
                file: FileId(
                    0,
                ),
                start: 0,
                end: 62,
            },
        },
    ),
)
