---
source: lambc_parse/src/parse.rs
expression: parser.parse_array_pattern()
---
Ok(
    Array(
        ArrayPattern {
            patterns: [],
            span: Span {
                start: 0,
                end: 2,
            },
        },
    ),
)
